{
  "Image1": "gcr.io/google_containers/busybox:1.24",
  "Image2": "gcr.io/google_containers/busybox:latest",
  "Adds": [
    "96c5134b442cd6446dfae4b1ae1de0aad4b0f408ccd0cf6126566a096da7a209/VERSION",
    "96c5134b442cd6446dfae4b1ae1de0aad4b0f408ccd0cf6126566a096da7a209/json",
    "96c5134b442cd6446dfae4b1ae1de0aad4b0f408ccd0cf6126566a096da7a209/layer",
    "96c5134b442cd6446dfae4b1ae1de0aad4b0f408ccd0cf6126566a096da7a209/layer/bin",
    "96c5134b442cd6446dfae4b1ae1de0aad4b0f408ccd0cf6126566a096da7a209/layer/bin/busybox",
    "96c5134b442cd6446dfae4b1ae1de0aad4b0f408ccd0cf6126566a096da7a209/layer/dev",
    "96c5134b442cd6446dfae4b1ae1de0aad4b0f408ccd0cf6126566a096da7a209/layer/dev/pts",
    "96c5134b442cd6446dfae4b1ae1de0aad4b0f408ccd0cf6126566a096da7a209/layer/etc",
    "96c5134b442cd6446dfae4b1ae1de0aad4b0f408ccd0cf6126566a096da7a209/layer/etc/fstab",
    "96c5134b442cd6446dfae4b1ae1de0aad4b0f408ccd0cf6126566a096da7a209/layer/etc/group",
    "96c5134b442cd6446dfae4b1ae1de0aad4b0f408ccd0cf6126566a096da7a209/layer/etc/hostname",
    "96c5134b442cd6446dfae4b1ae1de0aad4b0f408ccd0cf6126566a096da7a209/layer/etc/hosts",
    "96c5134b442cd6446dfae4b1ae1de0aad4b0f408ccd0cf6126566a096da7a209/layer/etc/init.d",
    "96c5134b442cd6446dfae4b1ae1de0aad4b0f408ccd0cf6126566a096da7a209/layer/etc/init.d/S01logging",
    "96c5134b442cd6446dfae4b1ae1de0aad4b0f408ccd0cf6126566a096da7a209/layer/etc/init.d/S20urandom",
    "96c5134b442cd6446dfae4b1ae1de0aad4b0f408ccd0cf6126566a096da7a209/layer/etc/init.d/S40network",
    "96c5134b442cd6446dfae4b1ae1de0aad4b0f408ccd0cf6126566a096da7a209/layer/etc/init.d/rcK",
    "96c5134b442cd6446dfae4b1ae1de0aad4b0f408ccd0cf6126566a096da7a209/layer/etc/init.d/rcS",
    "96c5134b442cd6446dfae4b1ae1de0aad4b0f408ccd0cf6126566a096da7a209/layer/etc/inittab",
    "96c5134b442cd6446dfae4b1ae1de0aad4b0f408ccd0cf6126566a096da7a209/layer/etc/inputrc",
    "96c5134b442cd6446dfae4b1ae1de0aad4b0f408ccd0cf6126566a096da7a209/layer/etc/iproute2",
    "96c5134b442cd6446dfae4b1ae1de0aad4b0f408ccd0cf6126566a096da7a209/layer/etc/iproute2/ematch_map",
    "96c5134b442cd6446dfae4b1ae1de0aad4b0f408ccd0cf6126566a096da7a209/layer/etc/iproute2/group",
    "96c5134b442cd6446dfae4b1ae1de0aad4b0f408ccd0cf6126566a096da7a209/layer/etc/iproute2/rt_dsfield",
    "96c5134b442cd6446dfae4b1ae1de0aad4b0f408ccd0cf6126566a096da7a209/layer/etc/iproute2/rt_protos",
    "96c5134b442cd6446dfae4b1ae1de0aad4b0f408ccd0cf6126566a096da7a209/layer/etc/iproute2/rt_realms",
    "96c5134b442cd6446dfae4b1ae1de0aad4b0f408ccd0cf6126566a096da7a209/layer/etc/iproute2/rt_scopes",
    "96c5134b442cd6446dfae4b1ae1de0aad4b0f408ccd0cf6126566a096da7a209/layer/etc/iproute2/rt_tables",
    "96c5134b442cd6446dfae4b1ae1de0aad4b0f408ccd0cf6126566a096da7a209/layer/etc/issue",
    "96c5134b442cd6446dfae4b1ae1de0aad4b0f408ccd0cf6126566a096da7a209/layer/etc/ld.so.conf",
    "96c5134b442cd6446dfae4b1ae1de0aad4b0f408ccd0cf6126566a096da7a209/layer/etc/ld.so.conf.d",
    "96c5134b442cd6446dfae4b1ae1de0aad4b0f408ccd0cf6126566a096da7a209/layer/etc/network",
    "96c5134b442cd6446dfae4b1ae1de0aad4b0f408ccd0cf6126566a096da7a209/layer/etc/network/if-down.d",
    "96c5134b442cd6446dfae4b1ae1de0aad4b0f408ccd0cf6126566a096da7a209/layer/etc/network/if-post-down.d",
    "96c5134b442cd6446dfae4b1ae1de0aad4b0f408ccd0cf6126566a096da7a209/layer/etc/network/if-post-up.d",
    "96c5134b442cd6446dfae4b1ae1de0aad4b0f408ccd0cf6126566a096da7a209/layer/etc/network/if-pre-down.d",
    "96c5134b442cd6446dfae4b1ae1de0aad4b0f408ccd0cf6126566a096da7a209/layer/etc/network/if-pre-up.d",
    "96c5134b442cd6446dfae4b1ae1de0aad4b0f408ccd0cf6126566a096da7a209/layer/etc/network/if-up.d",
    "96c5134b442cd6446dfae4b1ae1de0aad4b0f408ccd0cf6126566a096da7a209/layer/etc/network/interfaces",
    "96c5134b442cd6446dfae4b1ae1de0aad4b0f408ccd0cf6126566a096da7a209/layer/etc/nsswitch.conf",
    "96c5134b442cd6446dfae4b1ae1de0aad4b0f408ccd0cf6126566a096da7a209/layer/etc/os-release",
    "96c5134b442cd6446dfae4b1ae1de0aad4b0f408ccd0cf6126566a096da7a209/layer/etc/passwd",
    "96c5134b442cd6446dfae4b1ae1de0aad4b0f408ccd0cf6126566a096da7a209/layer/etc/profile",
    "96c5134b442cd6446dfae4b1ae1de0aad4b0f408ccd0cf6126566a096da7a209/layer/etc/protocols",
    "96c5134b442cd6446dfae4b1ae1de0aad4b0f408ccd0cf6126566a096da7a209/layer/etc/random-seed",
    "96c5134b442cd6446dfae4b1ae1de0aad4b0f408ccd0cf6126566a096da7a209/layer/etc/securetty",
    "96c5134b442cd6446dfae4b1ae1de0aad4b0f408ccd0cf6126566a096da7a209/layer/etc/services",
    "96c5134b442cd6446dfae4b1ae1de0aad4b0f408ccd0cf6126566a096da7a209/layer/etc/shadow",
    "96c5134b442cd6446dfae4b1ae1de0aad4b0f408ccd0cf6126566a096da7a209/layer/home",
    "96c5134b442cd6446dfae4b1ae1de0aad4b0f408ccd0cf6126566a096da7a209/layer/home/default",
    "96c5134b442cd6446dfae4b1ae1de0aad4b0f408ccd0cf6126566a096da7a209/layer/home/ftp",
    "96c5134b442cd6446dfae4b1ae1de0aad4b0f408ccd0cf6126566a096da7a209/layer/lib",
    "96c5134b442cd6446dfae4b1ae1de0aad4b0f408ccd0cf6126566a096da7a209/layer/lib/ld64-uClibc-0.9.33.2.so",
    "96c5134b442cd6446dfae4b1ae1de0aad4b0f408ccd0cf6126566a096da7a209/layer/lib/libcrypt-0.9.33.2.so",
    "96c5134b442cd6446dfae4b1ae1de0aad4b0f408ccd0cf6126566a096da7a209/layer/lib/libdl-0.9.33.2.so",
    "96c5134b442cd6446dfae4b1ae1de0aad4b0f408ccd0cf6126566a096da7a209/layer/lib/libgcc_s.so.1",
    "96c5134b442cd6446dfae4b1ae1de0aad4b0f408ccd0cf6126566a096da7a209/layer/lib/libm-0.9.33.2.so",
    "96c5134b442cd6446dfae4b1ae1de0aad4b0f408ccd0cf6126566a096da7a209/layer/lib/libnsl-0.9.33.2.so",
    "96c5134b442cd6446dfae4b1ae1de0aad4b0f408ccd0cf6126566a096da7a209/layer/lib/libpthread-0.9.33.2.so",
    "96c5134b442cd6446dfae4b1ae1de0aad4b0f408ccd0cf6126566a096da7a209/layer/lib/libresolv-0.9.33.2.so",
    "96c5134b442cd6446dfae4b1ae1de0aad4b0f408ccd0cf6126566a096da7a209/layer/lib/librt-0.9.33.2.so",
    "96c5134b442cd6446dfae4b1ae1de0aad4b0f408ccd0cf6126566a096da7a209/layer/lib/libuClibc-0.9.33.2.so",
    "96c5134b442cd6446dfae4b1ae1de0aad4b0f408ccd0cf6126566a096da7a209/layer/lib/libutil-0.9.33.2.so",
    "96c5134b442cd6446dfae4b1ae1de0aad4b0f408ccd0cf6126566a096da7a209/layer/media",
    "96c5134b442cd6446dfae4b1ae1de0aad4b0f408ccd0cf6126566a096da7a209/layer/mnt",
    "96c5134b442cd6446dfae4b1ae1de0aad4b0f408ccd0cf6126566a096da7a209/layer/opt",
    "96c5134b442cd6446dfae4b1ae1de0aad4b0f408ccd0cf6126566a096da7a209/layer/proc",
    "96c5134b442cd6446dfae4b1ae1de0aad4b0f408ccd0cf6126566a096da7a209/layer/root",
    "96c5134b442cd6446dfae4b1ae1de0aad4b0f408ccd0cf6126566a096da7a209/layer/root/.bash_history",
    "96c5134b442cd6446dfae4b1ae1de0aad4b0f408ccd0cf6126566a096da7a209/layer/root/.bash_logout",
    "96c5134b442cd6446dfae4b1ae1de0aad4b0f408ccd0cf6126566a096da7a209/layer/root/.bash_profile",
    "96c5134b442cd6446dfae4b1ae1de0aad4b0f408ccd0cf6126566a096da7a209/layer/sbin",
    "96c5134b442cd6446dfae4b1ae1de0aad4b0f408ccd0cf6126566a096da7a209/layer/sbin/bridge",
    "96c5134b442cd6446dfae4b1ae1de0aad4b0f408ccd0cf6126566a096da7a209/layer/sbin/genl",
    "96c5134b442cd6446dfae4b1ae1de0aad4b0f408ccd0cf6126566a096da7a209/layer/sbin/ifstat",
    "96c5134b442cd6446dfae4b1ae1de0aad4b0f408ccd0cf6126566a096da7a209/layer/sbin/ip",
    "96c5134b442cd6446dfae4b1ae1de0aad4b0f408ccd0cf6126566a096da7a209/layer/sbin/ldconfig",
    "96c5134b442cd6446dfae4b1ae1de0aad4b0f408ccd0cf6126566a096da7a209/layer/sbin/lnstat",
    "96c5134b442cd6446dfae4b1ae1de0aad4b0f408ccd0cf6126566a096da7a209/layer/sbin/nstat",
    "96c5134b442cd6446dfae4b1ae1de0aad4b0f408ccd0cf6126566a096da7a209/layer/sbin/routef",
    "96c5134b442cd6446dfae4b1ae1de0aad4b0f408ccd0cf6126566a096da7a209/layer/sbin/routel",
    "96c5134b442cd6446dfae4b1ae1de0aad4b0f408ccd0cf6126566a096da7a209/layer/sbin/rtacct",
    "96c5134b442cd6446dfae4b1ae1de0aad4b0f408ccd0cf6126566a096da7a209/layer/sbin/rtmon",
    "96c5134b442cd6446dfae4b1ae1de0aad4b0f408ccd0cf6126566a096da7a209/layer/sbin/rtpr",
    "96c5134b442cd6446dfae4b1ae1de0aad4b0f408ccd0cf6126566a096da7a209/layer/sbin/ss",
    "96c5134b442cd6446dfae4b1ae1de0aad4b0f408ccd0cf6126566a096da7a209/layer/sbin/tc",
    "96c5134b442cd6446dfae4b1ae1de0aad4b0f408ccd0cf6126566a096da7a209/layer/sys",
    "96c5134b442cd6446dfae4b1ae1de0aad4b0f408ccd0cf6126566a096da7a209/layer/tmp",
    "96c5134b442cd6446dfae4b1ae1de0aad4b0f408ccd0cf6126566a096da7a209/layer/tmp/ldconfig",
    "96c5134b442cd6446dfae4b1ae1de0aad4b0f408ccd0cf6126566a096da7a209/layer/usr",
    "96c5134b442cd6446dfae4b1ae1de0aad4b0f408ccd0cf6126566a096da7a209/layer/usr/bin",
    "96c5134b442cd6446dfae4b1ae1de0aad4b0f408ccd0cf6126566a096da7a209/layer/usr/bin/getconf",
    "96c5134b442cd6446dfae4b1ae1de0aad4b0f408ccd0cf6126566a096da7a209/layer/usr/bin/ldd",
    "96c5134b442cd6446dfae4b1ae1de0aad4b0f408ccd0cf6126566a096da7a209/layer/usr/lib",
    "96c5134b442cd6446dfae4b1ae1de0aad4b0f408ccd0cf6126566a096da7a209/layer/usr/lib/libip4tc.so.0.1.0",
    "96c5134b442cd6446dfae4b1ae1de0aad4b0f408ccd0cf6126566a096da7a209/layer/usr/lib/libiptc.so.0.0.0",
    "96c5134b442cd6446dfae4b1ae1de0aad4b0f408ccd0cf6126566a096da7a209/layer/usr/lib/libxtables.so.10.0.0",
    "96c5134b442cd6446dfae4b1ae1de0aad4b0f408ccd0cf6126566a096da7a209/layer/usr/lib/tc",
    "96c5134b442cd6446dfae4b1ae1de0aad4b0f408ccd0cf6126566a096da7a209/layer/usr/lib/tc/experimental.dist",
    "96c5134b442cd6446dfae4b1ae1de0aad4b0f408ccd0cf6126566a096da7a209/layer/usr/lib/tc/m_xt.so",
    "96c5134b442cd6446dfae4b1ae1de0aad4b0f408ccd0cf6126566a096da7a209/layer/usr/lib/tc/normal.dist",
    "96c5134b442cd6446dfae4b1ae1de0aad4b0f408ccd0cf6126566a096da7a209/layer/usr/lib/tc/pareto.dist",
    "96c5134b442cd6446dfae4b1ae1de0aad4b0f408ccd0cf6126566a096da7a209/layer/usr/lib/tc/paretonormal.dist",
    "96c5134b442cd6446dfae4b1ae1de0aad4b0f408ccd0cf6126566a096da7a209/layer/usr/lib/xtables",
    "96c5134b442cd6446dfae4b1ae1de0aad4b0f408ccd0cf6126566a096da7a209/layer/usr/sbin",
    "96c5134b442cd6446dfae4b1ae1de0aad4b0f408ccd0cf6126566a096da7a209/layer/usr/sbin/xtables-multi",
    "96c5134b442cd6446dfae4b1ae1de0aad4b0f408ccd0cf6126566a096da7a209/layer/usr/share",
    "96c5134b442cd6446dfae4b1ae1de0aad4b0f408ccd0cf6126566a096da7a209/layer/usr/share/udhcpc",
    "96c5134b442cd6446dfae4b1ae1de0aad4b0f408ccd0cf6126566a096da7a209/layer/usr/share/udhcpc/default.script",
    "96c5134b442cd6446dfae4b1ae1de0aad4b0f408ccd0cf6126566a096da7a209/layer/var",
    "96c5134b442cd6446dfae4b1ae1de0aad4b0f408ccd0cf6126566a096da7a209/layer/var/lib",
    "96c5134b442cd6446dfae4b1ae1de0aad4b0f408ccd0cf6126566a096da7a209/layer/var/lib/arpd",
    "96c5134b442cd6446dfae4b1ae1de0aad4b0f408ccd0cf6126566a096da7a209/layer/var/www",
    "b3bbc4636fc59ec067f4a877899f2e008bf3e2fe55451ef78c090dd9709b3818/VERSION",
    "b3bbc4636fc59ec067f4a877899f2e008bf3e2fe55451ef78c090dd9709b3818/json",
    "c249a56d8caa99f6dbef1718e2e648e763b86eae6ec8b3962dd3d541ab2520fd/VERSION",
    "c249a56d8caa99f6dbef1718e2e648e763b86eae6ec8b3962dd3d541ab2520fd/json"
  ],
  "Dels": [
    "980a6c63f88351bea42851fc101e4e2f61b12e1bf70122aad1f25186a736a404/VERSION",
    "980a6c63f88351bea42851fc101e4e2f61b12e1bf70122aad1f25186a736a404/json",
    "980a6c63f88351bea42851fc101e4e2f61b12e1bf70122aad1f25186a736a404/layer",
    "980a6c63f88351bea42851fc101e4e2f61b12e1bf70122aad1f25186a736a404/layer/bin",
    "980a6c63f88351bea42851fc101e4e2f61b12e1bf70122aad1f25186a736a404/layer/bin/[",
    "980a6c63f88351bea42851fc101e4e2f61b12e1bf70122aad1f25186a736a404/layer/bin/getconf",
    "980a6c63f88351bea42851fc101e4e2f61b12e1bf70122aad1f25186a736a404/layer/dev",
    "980a6c63f88351bea42851fc101e4e2f61b12e1bf70122aad1f25186a736a404/layer/etc",
    "980a6c63f88351bea42851fc101e4e2f61b12e1bf70122aad1f25186a736a404/layer/etc/group",
    "980a6c63f88351bea42851fc101e4e2f61b12e1bf70122aad1f25186a736a404/layer/etc/localtime",
    "980a6c63f88351bea42851fc101e4e2f61b12e1bf70122aad1f25186a736a404/layer/etc/passwd",
    "980a6c63f88351bea42851fc101e4e2f61b12e1bf70122aad1f25186a736a404/layer/etc/shadow",
    "980a6c63f88351bea42851fc101e4e2f61b12e1bf70122aad1f25186a736a404/layer/home",
    "980a6c63f88351bea42851fc101e4e2f61b12e1bf70122aad1f25186a736a404/layer/root",
    "980a6c63f88351bea42851fc101e4e2f61b12e1bf70122aad1f25186a736a404/layer/tmp",
    "980a6c63f88351bea42851fc101e4e2f61b12e1bf70122aad1f25186a736a404/layer/usr",
    "980a6c63f88351bea42851fc101e4e2f61b12e1bf70122aad1f25186a736a404/layer/usr/sbin",
    "980a6c63f88351bea42851fc101e4e2f61b12e1bf70122aad1f25186a736a404/layer/var",
    "980a6c63f88351bea42851fc101e4e2f61b12e1bf70122aad1f25186a736a404/layer/var/spool",
    "980a6c63f88351bea42851fc101e4e2f61b12e1bf70122aad1f25186a736a404/layer/var/spool/mail",
    "980a6c63f88351bea42851fc101e4e2f61b12e1bf70122aad1f25186a736a404/layer/var/www"
  ],
  "Mods": null
}
