
-----HistoryDiffer-----

Docker history lines found only in gcr.io/gcp-runtimes/diff-base:
-/bin/sh -c #(nop) ADD file:aa56bc8f2fea9c0c81ca085bfa273ad1a3b0d46f51b8c9c61b483340c902024f in / 

Docker history lines found only in gcr.io/gcp-runtimes/diff-modified:
-/bin/sh -c #(nop) ADD file:5dde1d6e0f6362350d7ebbc85ce82cf4c5032fb74d2c6235dac172e8e102c00f in / -mkdir /home/test

