[
  {
    "DiffType": "Apt Diff",
    "Diff": {
      "Image1": "gcr.io/gcp-runtimes/multi-base",
      "Packages1": {},
      "Image2": "gcr.io/gcp-runtimes/multi-modified",
      "Packages2": {
        "dh-python": {
          "Version": "1.20141111-2",
          "Size": "277"
        },
        "libmpdec2": {
          "Version": "2.4.1-1",
          "Size": "275"
        },
        "libpython3-stdlib": {
          "Version": "3.4.2-2",
          "Size": "28"
        },
        "libpython3.4-minimal": {
          "Version": "3.4.2-1",
          "Size": "3310"
        },
        "libpython3.4-stdlib": {
          "Version": "3.4.2-1",
          "Size": "9484"
        },
        "python3": {
          "Version": "3.4.2-2",
          "Size": "36"
        },
        "python3-minimal": {
          "Version": "3.4.2-2",
          "Size": "96"
        },
        "python3.4": {
          "Version": "3.4.2-1",
          "Size": "336"
        },
        "python3.4-minimal": {
          "Version": "3.4.2-1",
          "Size": "4506"
        }
      },
      "InfoDiff": []
    }
  },
  {
    "DiffType": "Node Diff",
    "Diff": {
      "Image1": "gcr.io/gcp-runtimes/multi-base",
      "Packages1": {},
      "Image2": "gcr.io/gcp-runtimes/multi-modified",
      "Packages2": {
        "pax": {
          "multi-modified/cec75d97ca4c987a5dfa4347691af008cabf7a764084fba578c3c59dcbf446c7/layer/node_modules/pax/package.json": {
            "Version": "0.2.1",
            "Size": "4096"
          }
        }
      },
      "InfoDiff": [
        {
          "Package": "sax",
          "Info1": [
            {
              "Version": "1.2.4",
              "Size": "4096"
            }
          ],
          "Info2": [
            {
              "Version": "0.1.1",
              "Size": "4096"
            }
          ]
        }
      ]
    }
  },
  {
    "DiffType": "Pip Diff",
    "Diff": {
      "Image1": "gcr.io/gcp-runtimes/multi-base",
      "Packages1": {
        "mock": {
          "Version": "2.0.0",
          "Size": "4096"
        },
        "pbr": {
          "Version": "3.1.1",
          "Size": "4096"
        },
        "six": {
          "Version": "1.10.0",
          "Size": "4096"
        },
        "six.py": {
          "Version": "",
          "Size": ""
        }
      },
      "Image2": "gcr.io/gcp-runtimes/multi-modified",
      "Packages2": {},
      "InfoDiff": []
    }
  }
]
