[
  {
    "DiffType": "PipDiffer",
    "Diff": {
      "Image1": "gcr.io/gcp-runtimes/pip-base",
      "Packages1": {},
      "Image2": "gcr.io/gcp-runtimes/pip-modified",
      "Packages2": {
        "mock": {
          "Version": "2.0.0",
          "Size": "504226"
        },
        "pbr": {
          "Version": "3.1.1",
          "Size": "447110"
        },
        "six": {
          "Version": "1.10.0",
          "Size": "30098"
        }
      },
      "InfoDiff": []
    }
  }
]
